// Jest Snapshot v1, https://goo.gl/fbAQLP

exports[`it works 1`] = `
<img
  className="sc-bwzfXH eyZrOz"
/>
`;
